// Jest Snapshot v1, https://goo.gl/fbAQLP

exports[`rules should export configs that refer to actual rules 1`] = `
Object {
  "all": Object {
    "plugins": Array [
      "@ridedott",
    ],
    "rules": Object {
      "@ridedott/no-single-line-comment-block": "error",
      "@ridedott/no-template-literals-without-expression": "error",
    },
  },
  "recommended": Object {
    "plugins": Array [
      "@ridedott",
    ],
    "rules": Object {
      "@ridedott/no-single-line-comment-block": "warn",
      "@ridedott/no-template-literals-without-expression": "warn",
    },
  },
}
`;
